Q1:
a. git status:
Shows what files are changed, added, or not saved yet.

b. git init:
Starts a new Git project in your folder.

c. git commit:
Saves the changes you added with a message .

d. git push:
Sends your saved work to GitHub (online repo).

Q2:
I do not agree.
git add is important. It lets you choose what to save. Without it, all changes will go together, 
and skipping this step would mean committing all changes, including unwanted changes.
 

 Q3:
a. code hosting places:

GitLab

Bitbucket

b. What do these websites give us?

Save code online ,work together with team ,talk about code ,see old versions and test code automatically.

c. True or False: Can a team work without GitHub if they use their own server?
True

Q4:
It sets a link between your local branch and GitHub.
Next time, you can just write git push or git pull without typing full command again.



steps 
1: new folder(on desktop)
2: git int on vs code
3: setup ssh connection by commands
4: new ssh key on github
5: new repo (github) and copy the ssh
6: all the comands are bellow (passphrase:123):

PS C:\Users\ahmed\OneDrive\سطح المكتب\task 1> git init
Initialized empty Git repository in C:/Users/ahmed/OneDrive/سطح المكتب/task 1/.git/
PS C:\Users\ahmed\OneDrive\سطح المكتب\task 1> ssh-keygen -t ed25519 -C "ahmadabuobid@gmail.com"
Generating public/private ed25519 key pair.
Enter file in which to save the key (C:\Users\ahmed/.ssh/id_ed25519): 
C:\Users\ahmed/.ssh/id_ed25519 already exists.
Overwrite (y/n)? y
Enter passphrase (empty for no passphrase): 
Enter same passphrase again: 
Your identification has been saved in C:\Users\ahmed/.ssh/id_ed25519
Your public key has been saved in C:\Users\ahmed/.ssh/id_ed25519.pub
The key fingerprint is:
SHA256:ER9x/sSrs3/bcINwwD2JdCxMymCU7A3kQgkHNyNebmw ahmadabuobid@gmail.com
The key's randomart image is:
+--[ED25519 256]--+
|   +oB==o =+o.   |
|  . O.=+oo+*+o.  |
|   . E..+o.+o+o  |
|    o .. o  .o.. |
|        S  . .o  |
|            o..  |
|            o....|
|             o o+|
|            ...oo|
+----[SHA256]-----+
PS C:\Users\ahmed\OneDrive\سطح المكتب\task 1> Start-Service ssh-agent
>>
PS C:\Users\ahmed\OneDrive\سطح المكتب\task 1> ssh-add $env:USERPROFILE\.ssh\id_ed25519
>>
Enter passphrase for C:\Users\ahmed\.ssh\id_ed25519: 
Identity added: C:\Users\ahmed\.ssh\id_ed25519 (ahmadabuobid@gmail.com)
PS C:\Users\ahmed\OneDrive\سطح المكتب\task 1> Get-Content $env:USERPROFILE\.ssh\id_ed25519.pub | clip
>>
PS C:\Users\ahmed\OneDrive\سطح المكتب\task 1> git remote add origin git@github.com:ahmadabuobeid/ahmad.git
PS C:\Users\ahmed\OneDrive\سطح المكتب\task 1> git add *
PS C:\Users\ahmed\OneDrive\سطح المكتب\task 1> git commit -m "new file"
[master (root-commit) f8a897c] new file
 1 file changed, 0 insertions(+), 0 deletions(-)
 create mode 100644 ahmad.txt
PS C:\Users\ahmed\OneDrive\سطح المكتب\task 1> git push -u origin master
Enter passphrase for key '/c/Users/ahmed/.ssh/id_ed25519': 
Enumerating objects: 3, done.
Counting objects: 100% (3/3), done.
Writing objects: 100% (3/3), 209 bytes | 104.00 KiB/s, done.
Total 3 (delta 0), reused 0 (delta 0), pack-reused 0 (from 0)
To github.com:ahmadabuobeid/ahmad.git
 * [new branch]      master -> master
branch 'master' set up to track 'origin/master'.
PS C:\Users\ahmed\OneDrive\سطح المكتب\task 1> git add *
PS C:\Users\ahmed\OneDrive\سطح المكتب\task 1> git commit -m "first Q answers"
On branch master
Your branch is up to date with 'origin/master'.

nothing to commit, working tree clean
PS C:\Users\ahmed\OneDrive\سطح المكتب\task 1> git push
Enter passphrase for key '/c/Users/ahmed/.ssh/id_ed25519': 
Everything up-to-date
PS C:\Users\ahmed\OneDrive\سطح المكتب\task 1> git add *
PS C:\Users\ahmed\OneDrive\سطح المكتب\task 1> git commit -m "2nd Q answer"
On branch master
Your branch is up to date with 'origin/master'.

nothing to commit, working tree clean
PS C:\Users\ahmed\OneDrive\سطح المكتب\task 1> git add *
PS C:\Users\ahmed\OneDrive\سطح المكتب\task 1> git commit -m "3rd Q answer"
On branch master
Your branch is up to date with 'origin/master'.

nothing to commit, working tree clean
PS C:\Users\ahmed\OneDrive\سطح المكتب\task 1>   